[stdio] 工具列表获取: ✅ 成功
  详情: 能够正常响应 MCP 协议
[SSE] 服务启动: ✅ 成功
  详情: 进程正在运行 (PID: 13392)
[SSE] 健康检查: ✅ 成功
  详情: 健康检查端点可访问
[SSE] SSE端点: ⚠️  警告
  详情: SSE 端点响应异常
